{"level":"debug","message":"Marketplace service started","module":"marketplace","timestamp":"2026-08-18T07:36:53.054Z"}
{"level":"debug","message":"Call service started","module":"calls","timestamp":"2026-08-18T07:36:53.055Z"}
{"level":"debug","message":"Player Service started","module":"player","timestamp":"2026-08-18T07:36:53.055Z"}
{"level":"info","message":"Loading QBX bridge....","timestamp":"2026-08-18T07:36:53.056Z"}
{"level":"info","message":"QBX bridge initialized","timestamp":"2026-08-18T07:36:53.056Z"}
{"level":"debug","message":"Boot service started","module":"boot","timestamp":"2026-08-18T07:36:53.056Z"}
{"level":"debug","message":"Messages service started","module":"messages","timestamp":"2026-08-18T07:36:53.056Z"}
{"level":"debug","message":"Notes service started","module":"notes","timestamp":"2026-08-18T07:36:53.056Z"}
{"level":"debug","message":"Contacts service started","module":"contact","timestamp":"2026-08-18T07:36:53.056Z"}
{"level":"debug","message":"Photo service started","module":"photo","timestamp":"2026-08-18T07:36:53.061Z"}
{"level":"debug","message":"Twitter service started","module":"twitter","timestamp":"2026-08-18T07:36:53.061Z"}
{"level":"debug","message":"Match service started","module":"match","timestamp":"2026-08-18T07:36:53.061Z"}
{"level":"debug","message":"Beginning database schema validation","module":"boot","timestamp":"2026-08-18T07:36:53.513Z"}
{"level":"info","message":"Successfully started","timestamp":"2026-08-18T07:36:53.521Z"}
{"level":"info","message":"Executed query (SELECT COUNT(*) as count\n                       FROM information_schema.tables\n                       WHERE table_schema = ?\n                         AND table_name = ? [\"Qbox_8408B6\",\"players\"]) in 69.5816ms'","module":"DBInterface","timestamp":"2026-08-18T07:36:53.583Z"}
{"level":"info","message":"Executed query (SHOW COLUMNS IN players []) in 29.2105ms'","module":"DBInterface","timestamp":"2026-08-18T07:36:53.612Z"}
{"level":"debug","message":"Database schema successfully validated","module":"boot","timestamp":"2026-08-18T07:36:53.612Z"}
{"level":"debug","message":"Marketplace service started","module":"marketplace","timestamp":"2026-08-18T07:38:53.640Z"}
{"level":"debug","message":"Call service started","module":"calls","timestamp":"2026-08-18T07:38:53.641Z"}
{"level":"debug","message":"Player Service started","module":"player","timestamp":"2026-08-18T07:38:53.641Z"}
{"level":"info","message":"Loading QBX bridge....","timestamp":"2026-08-18T07:38:53.641Z"}
{"level":"info","message":"QBX bridge initialized","timestamp":"2026-08-18T07:38:53.641Z"}
{"level":"debug","message":"Boot service started","module":"boot","timestamp":"2026-08-18T07:38:53.641Z"}
{"level":"debug","message":"Messages service started","module":"messages","timestamp":"2026-08-18T07:38:53.642Z"}
{"level":"debug","message":"Notes service started","module":"notes","timestamp":"2026-08-18T07:38:53.642Z"}
{"level":"debug","message":"Contacts service started","module":"contact","timestamp":"2026-08-18T07:38:53.642Z"}
{"level":"debug","message":"Photo service started","module":"photo","timestamp":"2026-08-18T07:38:53.646Z"}
{"level":"debug","message":"Twitter service started","module":"twitter","timestamp":"2026-08-18T07:38:53.647Z"}
{"level":"debug","message":"Match service started","module":"match","timestamp":"2026-08-18T07:38:53.647Z"}
{"level":"debug","message":"Beginning database schema validation","module":"boot","timestamp":"2026-08-18T07:38:54.084Z"}
{"level":"info","message":"Successfully started","timestamp":"2026-08-18T07:38:54.092Z"}
{"level":"info","message":"Executed query (SELECT COUNT(*) as count\n                       FROM information_schema.tables\n                       WHERE table_schema = ?\n                         AND table_name = ? [\"Qbox_8408B6\",\"players\"]) in 50.2583ms'","module":"DBInterface","timestamp":"2026-08-18T07:38:54.135Z"}
{"level":"info","message":"Executed query (SHOW COLUMNS IN players []) in 5.1796ms'","module":"DBInterface","timestamp":"2026-08-18T07:38:54.140Z"}
{"level":"debug","message":"Database schema successfully validated","module":"boot","timestamp":"2026-08-18T07:38:54.140Z"}
