================================================================
======== txAdmin v8.1.1 atop fxserver 34833 Starting - 8/18/2026, 2:38:09 AM
================================================================
[2:38:55 AM] txAdmin: Logger started
================================================================
======== txAdmin v8.1.1 atop fxserver 34833 Starting - 8/18/2026, 3:02:31 AM
================================================================
[3:02:43 AM] txAdmin: Logger started
[3:03:18 AM] [RMnaA#1] CrazyCasey: joined with identifiers [license:33d0…94a5, discord:2493…4336, fivem:1641098, license2:6fa4…c178]
[3:24:09 AM] [RMnaA#1] CrazyCasey: enabled noclip
[3:24:12 AM] [RMnaA#1] CrazyCasey: became mortal (standard mode)
[4:12:15 AM] [RMnaA#1] CrazyCasey: enabled noclip
[4:12:15 AM] [RMnaA#1] CrazyCasey: became mortal (standard mode)
[4:19:00 AM] [RMnaA#1] CrazyCasey: said "/refresg"
[4:30:29 AM] [RMnaA#1] CrazyCasey: disconnected (Exiting)
[4:30:57 AM] txAdmin: Logger started
[4:31:45 AM] [3CyEA#1] CrazyCasey: joined with identifiers [license:33d0…94a5, discord:2493…4336, fivem:1641098, license2:6fa4…c178]
[4:50:40 AM] [3CyEA#1] CrazyCasey: disconnected (Exiting)
================================================================
======== txAdmin v8.1.1 atop fxserver 34833 Starting - 8/18/2026, 2:05:49 PM
================================================================
[2:06:01 PM] txAdmin: Logger started
[2:12:15 PM] [QQHVT#1] CrazyCasey: joined with identifiers [license:33d0…94a5, discord:2493…4336, fivem:1641098, license2:6fa4…c178]
[2:15:57 PM] [QQHVT#1] CrazyCasey: disconnected (Exiting)
[2:19:06 PM] [QQHVT#2] CrazyCasey: joined with identifiers [license:33d0…94a5, discord:2493…4336, fivem:1641098, license2:6fa4…c178]
[3:07:20 PM] [QQHVT#2] CrazyCasey: said "/dv"
[3:07:20 PM] [QQHVT#2] CrazyCasey: disconnected (Exiting)
[3:07:34 PM] txAdmin: Logger started
[3:07:56 PM] [jKq3L#1] CrazyCasey: joined with identifiers [license:33d0…94a5, discord:2493…4336, fivem:1641098, license2:6fa4…c178]
[3:10:23 PM] [jKq3L#1] CrazyCasey: enabled noclip
[3:10:23 PM] [jKq3L#1] CrazyCasey: became mortal (standard mode)
[3:11:17 PM] [jKq3L#1] CrazyCasey: disconnected (Exiting)
[3:11:45 PM] txAdmin: Logger started
[3:16:10 PM] [dzmHe#1] CrazyCasey: joined with identifiers [license:33d0…94a5, discord:2493…4336, fivem:1641098, license2:6fa4…c178]
[3:19:25 PM] [dzmHe#1] CrazyCasey: disconnected (Exiting)
[3:22:47 PM] txAdmin: Logger started
[3:25:45 PM] [NC8pr#1] CrazyCasey: joined with identifiers [license:33d0…94a5, discord:2493…4336, fivem:1641098, license2:6fa4…c178]
[3:29:37 PM] [NC8pr#1] CrazyCasey: disconnected (Exiting)
[3:29:56 PM] txAdmin: Logger started
[3:35:01 PM] [dGi4D#1] CrazyCasey: joined with identifiers [license:33d0…94a5, discord:2493…4336, fivem:1641098, license2:6fa4…c178]
[3:38:59 PM] [dGi4D#1] CrazyCasey: disconnected (Exiting)
================================================================
======== txAdmin v8.1.1 atop fxserver 34833 Starting - 8/18/2026, 3:49:01 PM
================================================================
================================================================
======== txAdmin v8.1.1 atop fxserver 34833 Starting - 8/18/2026, 3:53:12 PM
================================================================
[3:53:24 PM] txAdmin: Logger started
[3:54:54 PM] [kF9CH#1] CrazyCasey: joined with identifiers [license:33d0…94a5, discord:2493…4336, fivem:1641098, license2:6fa4…c178]
[3:57:48 PM] [kF9CH#1] CrazyCasey: disconnected (Exiting)
[3:58:43 PM] txAdmin: Logger started
[4:00:04 PM] [AE9p6#1] CrazyCasey: joined with identifiers [license:33d0…94a5, discord:2493…4336, fivem:1641098, license2:6fa4…c178]
[4:05:03 PM] [AE9p6#1] CrazyCasey: disconnected (Exiting)
[4:05:21 PM] txAdmin: Logger started
[4:05:37 PM] [Lp4HJ#1] CrazyCasey: joined with identifiers [license:33d0…94a5, discord:2493…4336, fivem:1641098, license2:6fa4…c178]
[4:10:51 PM] [Lp4HJ#1] CrazyCasey: enabled noclip
[4:10:51 PM] [Lp4HJ#1] CrazyCasey: became mortal (standard mode)
[4:16:56 PM] [Lp4HJ#1] CrazyCasey: said "/revive"
[4:17:07 PM] [Lp4HJ#1] CrazyCasey: said "/revive"
[4:17:15 PM] [Lp4HJ#1] CrazyCasey: disconnected (Exiting)
[4:17:31 PM] txAdmin: Logger started
[4:18:50 PM] [mkpB6#1] CrazyCasey: joined with identifiers [license:33d0…94a5, discord:2493…4336, fivem:1641098, license2:6fa4…c178]
[4:23:40 PM] [mkpB6#1] CrazyCasey: disconnected (Exiting)
[4:23:56 PM] txAdmin: Logger started
[4:25:38 PM] [jqJHH#1] CrazyCasey: joined with identifiers [license:33d0…94a5, discord:2493…4336, fivem:1641098, license2:6fa4…c178]
[4:34:56 PM] [jqJHH#1] CrazyCasey: enabled noclip
[4:35:00 PM] [jqJHH#1] CrazyCasey: became mortal (standard mode)
[4:50:15 PM] [jqJHH#1] CrazyCasey: said "/seat 1"
[5:07:05 PM] [jqJHH#1] CrazyCasey: disconnected (Exiting)
[5:07:23 PM] txAdmin: Logger started
